[2026-09-23T09:20:38+02:00] Schema step failed [migrate merchandise]: SQLSTATE[42S22]: Column not found: 1054 Unknown column 'category' in 'field list'
[2026-09-23T09:20:38+02:00] Schema step failed [drop inventory]: SQLSTATE[23000]: Integrity constraint violation: 1451 Cannot delete or update a parent row: a foreign key constraint fails
[2026-09-23T09:20:38+02:00] Schema step failed [migrate notifications]: SQLSTATE[23000]: Integrity constraint violation: 1452 Cannot add or update a child row: a foreign key constraint fails (`sports_event_system`.`messages`, CONSTRAINT `messages_ibfk_2` FOREIGN KEY (`receiver_id`) REFERENCES `users` (`id`) ON DELETE CASCADE)
[2026-09-23T09:36:30+02:00] Schema step failed [migrate merchandise]: SQLSTATE[42S22]: Column not found: 1054 Unknown column 'category' in 'field list'
[2026-09-23T09:36:30+02:00] Schema step failed [drop inventory]: SQLSTATE[23000]: Integrity constraint violation: 1451 Cannot delete or update a parent row: a foreign key constraint fails
[2026-09-23T09:41:44+02:00] Schema step failed [migrate merchandise]: SQLSTATE[42S22]: Column not found: 1054 Unknown column 'category' in 'field list'
[2026-09-23T16:10:15+08:00] Re-hashed a plain-text password_hash for admin@sports.local (user #1). Sign in with the previous value of that column, then change the password.
[2026-09-23T16:10:54+08:00] Re-hashed a plain-text password_hash for staff@sports.local (user #3). Sign in with the previous value of that column, then change the password.
[2026-09-23T16:11:24+08:00] Re-hashed a plain-text password_hash for staff@sports.local (user #3). Sign in with the previous value of that column, then change the password.
[2026-09-23T17:20:08+08:00] Exception: You cannot delete your own account.
#0 {main}
[2026-09-23T17:20:09+08:00] PDOException: SQLSTATE[HY093]: Invalid parameter number
#0 C:\xampp\htdocs\sportytoy\index.php(337): PDOStatement->execute(Array)
#1 {main}
[2026-09-23T17:20:13+08:00] Exception: Configure and enable the SMS provider first.
#0 {main}
[2026-09-23T17:24:27+08:00] Exception: You cannot delete your own account.
#0 {main}
[2026-09-23T17:24:32+08:00] Exception: Configure and enable the SMS provider first.
#0 {main}
[2026-09-25T10:20:51+08:00] SMS provider response HTTP 401: {"errorCode":"E401","description":"The request lacks valid authentication credentials for the requested resource.","action":"Check the resources and adjust authentication credentials.","violations":[],"resources":[{"name":"API Authentication","url":"https://www.infobip.com/docs/api/essentials/api-authentication"},{"name":"API endpoint documentation","url":"https://www.infobip.com/docs/api/send-sms-messages"}]}
[2026-09-25T10:20:51+08:00] Exception: Infobip rejected the test message (FAILED). Check the base URL, API key and sender ID. Details are in storage/logs/app.log.
#0 {main}
[2026-09-28T15:52:52+08:00] Exception: Enter the payment/reference number for GCash.
#0 {main}
[2026-09-29T06:46:16+08:00] PDOException: SQLSTATE[HY000] [2002] No connection could be made because the target machine actively refused it
#0 C:\xampp\htdocs\sportytoy\config\db.php(14): PDO->__construct('mysql:host=127....', 'root', '', Array)
#1 C:\xampp\htdocs\sportytoy\register.php(2): require('C:\\xampp\\htdocs...')
#2 {main}
[2026-09-29T06:49:14+08:00] PDOException: SQLSTATE[HY000] [2002] No connection could be made because the target machine actively refused it
#0 C:\xampp\htdocs\sportytoy\config\db.php(14): PDO->__construct('mysql:host=127....', 'root', '', Array)
#1 C:\xampp\htdocs\sportytoy\register.php(2): require('C:\\xampp\\htdocs...')
#2 {main}
[2026-09-29T06:51:55+08:00] PDOException: SQLSTATE[HY000] [2002] No connection could be made because the target machine actively refused it
#0 C:\xampp\htdocs\sportytoy\config\db.php(14): PDO->__construct('mysql:host=127....', 'root', '', Array)
#1 C:\xampp\htdocs\sportytoy\landing.php(2): require('C:\\xampp\\htdocs...')
#2 {main}
[2026-09-29T06:51:57+08:00] PDOException: SQLSTATE[HY000] [2002] No connection could be made because the target machine actively refused it
#0 C:\xampp\htdocs\sportytoy\config\db.php(14): PDO->__construct('mysql:host=127....', 'root', '', Array)
#1 C:\xampp\htdocs\sportytoy\register.php(2): require('C:\\xampp\\htdocs...')
#2 {main}
[2026-09-29T12:09:22+08:00] SMSGate response HTTP 401: {"message":"Unauthorized"}
[2026-09-29T12:42:29+08:00] Exception: SMSGate check failed: SMSGate is not fully configured (need API URL, username, and password)
#0 {main}
[2026-09-29T12:42:49+08:00] Exception: SMSGate check failed: SMSGate is not fully configured (need API URL, username, and password)
#0 {main}
[2026-09-29T12:42:51+08:00] Exception: SMSGate check failed: SMSGate is not fully configured (need API URL, username, and password)
#0 {main}
[2026-09-30T00:33:57+08:00] Exception: Cannot send: SMS is not fully configured. Missing: account password. Fill the provider form above, press Save settings, then try again.
#0 {main}
[2026-09-30T01:06:16+08:00] Exception: Type SEND in the confirmation box to dispatch this broadcast to 3 recipient(s).
#0 {main}
[2026-09-30T01:50:11+08:00] Exception: Tupi Community Sports Field is already booked for "Community Fun Run" (Oct 05, 5:15 PM – Oct 05, 10:15 PM). A 30-minute turnaround is required between bookings.
#0 {main}
[2026-09-30T01:51:01+08:00] Exception: You already have "Valid Schedule Test" scheduled at that time (Oct 03, 9:00 AM – Oct 03, 11:00 AM). You cannot run two events at once.
#0 {main}
[2026-09-30T01:51:03+08:00] Exception: You already have 1 event(s) on Oct 03, 2026. Distribute events across days.
#0 {main}
[2026-09-30T01:51:32+08:00] Exception: You already have 1 event(s) on Oct 03, 2026. Distribute events across days.
#0 {main}
[2026-09-30T12:31:06+08:00] Exception: Password must be 10+ characters with upper/lowercase and a number.
#0 {main}
[2026-09-30T12:31:37+08:00] Exception: Password must be 10+ characters with upper/lowercase and a number.
#0 {main}
[2026-09-30T12:37:28+08:00] Exception: Enter the GCash reference number from your payment receipt.
#0 {main}
[2026-09-30T13:14:24+08:00] PDOException: SQLSTATE[23000]: Integrity constraint violation: 1452 Cannot add or update a child row: a foreign key constraint fails (`sports_event_system`.`post_interactions`, CONSTRAINT `post_interactions_ibfk_1` FOREIGN KEY (`post_id`) REFERENCES `community_posts` (`id`) ON DELETE CASCADE)
#0 C:\xampp\htdocs\sportytoy\index.php(375): PDOStatement->execute(Array)
#1 {main}
[2026-09-30T13:22:35+08:00] PDOException: SQLSTATE[23000]: Integrity constraint violation: 1452 Cannot add or update a child row: a foreign key constraint fails (`sports_event_system`.`post_interactions`, CONSTRAINT `post_interactions_ibfk_1` FOREIGN KEY (`post_id`) REFERENCES `community_posts` (`id`) ON DELETE CASCADE)
#0 C:\xampp\htdocs\sportytoy\index.php(378): PDOStatement->execute(Array)
#1 {main}
[2026-09-30T13:23:03+08:00] PDOException: SQLSTATE[23000]: Integrity constraint violation: 1452 Cannot add or update a child row: a foreign key constraint fails (`sports_event_system`.`post_interactions`, CONSTRAINT `post_interactions_ibfk_1` FOREIGN KEY (`post_id`) REFERENCES `community_posts` (`id`) ON DELETE CASCADE)
#0 C:\xampp\htdocs\sportytoy\index.php(378): PDOStatement->execute(Array)
#1 {main}
[2026-09-30T13:33:13+08:00] Exception: One of the custom numbers is not a valid Philippine mobile number (e.g. 09171234567).
#0 {main}
[2026-09-30T14:16:08+08:00] Exception: Cannot send: SMS is not fully configured. Missing: API URL, account username, account password, sender label.
#0 {main}
[2026-09-30T14:29:18+08:00] Exception: No active user with a mobile number matches these filters. Loosen the filters and try again.
#0 {main}
[2026-10-01T03:54:22+08:00] Exception: This product is no longer available.
#0 {main}
[2026-10-01T03:54:24+08:00] Exception: Your cart is empty.
#0 {main}
[2026-10-01T03:54:29+08:00] PDOException: SQLSTATE[23000]: Integrity constraint violation: 1452 Cannot add or update a child row: a foreign key constraint fails (`sports_event_system`.`post_interactions`, CONSTRAINT `post_interactions_ibfk_1` FOREIGN KEY (`post_id`) REFERENCES `community_posts` (`id`) ON DELETE CASCADE)
#0 C:\xampp\htdocs\sportytoy\index.php(475): PDOStatement->execute(Array)
#1 {main}
[2026-10-01T03:54:32+08:00] Exception: This post no longer exists. Refresh the community wall.
#0 {main}
[2026-10-01T03:57:56+08:00] Exception: This GCash payment has already been processed.
#0 {main}
[2026-10-01T04:03:25+08:00] Exception: No audio received.
#0 {main}
[2026-10-01T04:03:41+08:00] Mail delivery failed for recipient: athlete@sports.local subject: Reset your SportSync password
